松井
今田
鈴木
山田
田中
